// Jest Snapshot v1, https://goo.gl/fbAQLP

exports[`blog form snapshot 1`] = `
<div
  aria-details="TestBlogForm"
  className="sc-beyTiQ jCiIGC"
>
  <form
    onSubmit={[Function]}
  >
    <label>
      Title
    </label>
    <input
      name="title"
      onBlur={[Function]}
      onChange={[Function]}
    />
    <label>
      Author
    </label>
    <input
      name="author"
      onBlur={[Function]}
      onChange={[Function]}
    />
    <label>
      Summary
    </label>
    <textarea
      name="summary"
      onBlur={[Function]}
      onChange={[Function]}
      rows={20}
    />
    <label
      htmlFor="tags"
    >
      Tags
    </label>
    <div
      aria-details="blog tags"
    >
      <div
        className="tagCheckBox"
      >
        <h3>
          foo
        </h3>
        <input
          name="tags"
          onBlur={[Function]}
          onChange={[Function]}
          type="checkbox"
          value="foo"
        />
      </div>
      <div
        className="tagCheckBox"
      >
        <h3>
          bar
        </h3>
        <input
          name="tags"
          onBlur={[Function]}
          onChange={[Function]}
          type="checkbox"
          value="bar"
        />
      </div>
    </div>
    <label>
      Post
    </label>
    <textarea
      name="body"
      onBlur={[Function]}
      onChange={[Function]}
      rows={20}
    />
    <input
      type="submit"
    />
  </form>
</div>
`;
